******************************************************************************
            TI ARM Clang Linker PC v4.0.4                      
******************************************************************************
>> Linked Fri May 15 23:20:09 2026

OUTPUT FILE NAME:   <2024H.out>
ENTRY POINT SYMBOL: "_c_int00_noargs"  address: 00000d61


MEMORY CONFIGURATION

         name            origin    length      used     unused   attr    fill
----------------------  --------  ---------  --------  --------  ----  --------
  FLASH                 00000000   00020000  00001250  0001edb0  R  X
  SRAM                  20200000   00008000  000003e0  00007c20  RW X
  BCR_CONFIG            41c00000   000000ff  00000000  000000ff  R   
  BSL_CONFIG            41c00100   00000080  00000000  00000080  R   


SEGMENT ALLOCATION MAP

run origin  load origin   length   init length attrs members
----------  ----------- ---------- ----------- ----- -------
00000000    00000000    00001250   00001250    r-x
  00000000    00000000    000000c0   000000c0    r-- .intvecs
  000000c0    000000c0    000010f8   000010f8    r-x .text
  000011b8    000011b8    00000068   00000068    r-- .rodata
  00001220    00001220    00000030   00000030    r-- .cinit
20200000    20200000    000001e0   00000000    rw-
  20200000    20200000    000001d8   00000000    rw- .bss
  202001d8    202001d8    00000008   00000000    rw- .data
20207e00    20207e00    00000200   00000000    rw-
  20207e00    20207e00    00000200   00000000    rw- .stack


SECTION ALLOCATION MAP

 output                                  attributes/
section   page    origin      length       input sections
--------  ----  ----------  ----------   ----------------
.intvecs   0    00000000    000000c0     
                  00000000    000000c0     startup_mspm0g350x_ticlang.o (.intvecs)

.text      0    000000c0    000010f8     
                  000000c0    00000120     key.o (.text.Key_Scan)
                  000001e0    00000104     driverlib.a : dl_timer.o (.text.DL_Timer_initFourCCPWMMode)
                  000002e4    000000fc                 : dl_timer.o (.text.DL_Timer_initTimerMode)
                  000003e0    000000f0     ti_msp_dl_config.o (.text.SYSCFG_DL_GPIO_init)
                  000004d0    0000008c     ti_msp_dl_config.o (.text.SYSCFG_DL_PWM_MOTOR_init)
                  0000055c    0000007c     ti_msp_dl_config.o (.text.SYSCFG_DL_initPower)
                  000005d8    0000007c     libc.a : copy_decompress_lzss.c.obj (.text:decompress:lzss)
                  00000654    00000074     empty.o (.text.main)
                  000006c8    0000006c     key.o (.text.Key_Init)
                  00000734    00000068     ti_msp_dl_config.o (.text.SYSCFG_DL_PWM_SERVO_init)
                  0000079c    00000064     pit_control_tick.o (.text.TIMG0_IRQHandler)
                  00000800    00000064     pit_custom_tick.o (.text.TIMG12_IRQHandler)
                  00000864    0000005c     key.o (.text.Key_GetFlag)
                  000008c0    0000005c     key.o (.text.Key_ReadLogic)
                  0000091c    00000050     key.o (.text.Key_TickHandler)
                  0000096c    0000004c     ti_msp_dl_config.o (.text.DL_GPIO_initDigitalInputFeatures)
                  000009b8    00000048     pit_control_tick.o (.text.PIT_Control_Tick_RegisterCallback)
                  00000a00    00000048     pit_custom_tick.o (.text.PIT_Custom_Tick_RegisterCallback)
                  00000a48    00000040     buzzer.o (.text.Buzzer_TickHandler)
                  00000a88    00000040     ti_msp_dl_config.o (.text.DL_GPIO_configSubscriber)
                  00000ac8    00000040     libclang_rt.builtins.a : aeabi_uidivmod.S.obj (.text.__aeabi_uidivmod)
                  00000b08    0000003c     ti_msp_dl_config.o (.text.DL_Timer_setCounterControl)
                  00000b44    0000003c     servo.o (.text.Servo_SetAngle)
                  00000b80    0000003c     libc.a : autoinit.c.obj (.text:__TI_auto_init_nobinit_nopinit)
                  00000bbc    00000034     ti_msp_dl_config.o (.text.DL_GPIO_setSubscriberChanID)
                  00000bf0    00000034     ti_msp_dl_config.o (.text.SYSCFG_DL_PIT_FOR_CONTROL_init)
                  00000c24    00000034     ti_msp_dl_config.o (.text.SYSCFG_DL_PIT_FOR_CUSTOM_init)
                  00000c58    00000034     ti_msp_dl_config.o (.text.SYSCFG_DL_init)
                  00000c8c    0000002c     pit_control_tick.o (.text.__NVIC_EnableIRQ)
                  00000cb8    0000002c     pit_custom_tick.o (.text.__NVIC_EnableIRQ)
                  00000ce4    0000002a     ti_msp_dl_config.o (.text.DL_GPIO_enableSubscriber)
                  00000d0e    0000002a     ti_msp_dl_config.o (.text.SYSCFG_DL_SYSCTL_init)
                  00000d38    00000028     ti_msp_dl_config.o (.text.DL_Common_updateReg)
                  00000d60    00000028     libc.a : boot_cortex_m.c.obj (.text:_c_int00_noargs)
                  00000d88    00000026     servo.o (.text.Servo_LimitAngle)
                  00000dae    00000002     libclang_rt.builtins.a : aeabi_div0.c.obj (.text.__aeabi_idiv0)
                  00000db0    00000024     buzzer.o (.text.Buzzer_Stop)
                  00000dd4    00000024     servo.o (.text.Servo_Init)
                  00000df8    0000001c     ti_msp_dl_config.o (.text.DL_GPIO_initPeripheralOutputFunction)
                  00000e14    0000001c     ti_msp_dl_config.o (.text.DL_SYSCTL_setMCLKDivider)
                  00000e30    0000001c     ti_msp_dl_config.o (.text.DL_SYSCTL_setSYSOSCFreq)
                  00000e4c    0000001c     ti_msp_dl_config.o (.text.DL_SYSCTL_setULPCLKDivider)
                  00000e68    0000001c     ti_msp_dl_config.o (.text.DL_Timer_enableInterrupt)
                  00000e84    0000001c     driverlib.a : dl_timer.o (.text.DL_Timer_setCaptCompUpdateMethod)
                  00000ea0    0000001c                 : dl_timer.o (.text.DL_Timer_setClockConfig)
                  00000ebc    00000018     ti_msp_dl_config.o (.text.DL_GPIO_enableOutput)
                  00000ed4    00000018     ti_msp_dl_config.o (.text.DL_GPIO_enablePower)
                  00000eec    00000018     ti_msp_dl_config.o (.text.DL_GPIO_initDigitalOutput)
                  00000f04    00000018     ti_msp_dl_config.o (.text.DL_GPIO_reset)
                  00000f1c    00000018     buzzer.o (.text.DL_GPIO_setPins)
                  00000f34    00000018     ti_msp_dl_config.o (.text.DL_GPIO_setPins)
                  00000f4c    00000018     key.o (.text.DL_GPIO_togglePins)
                  00000f64    00000018     ti_msp_dl_config.o (.text.DL_SYSCTL_setBORThreshold)
                  00000f7c    00000018     ti_msp_dl_config.o (.text.DL_Timer_enablePower)
                  00000f94    00000018     ti_msp_dl_config.o (.text.DL_Timer_reset)
                  00000fac    00000018     driverlib.a : dl_timer.o (.text.DL_Timer_setCaptureCompareOutCtl)
                  00000fc4    00000018     servo.o (.text.DL_Timer_startCounter)
                  00000fdc    00000018     tb6612.o (.text.DL_Timer_startCounter)
                  00000ff4    00000016     key.o (.text.DL_GPIO_readPins)
                  0000100a    00000016     delay.o (.text.delay_ms)
                  00001020    00000016     libc.a : copy_zero_init.c.obj (.text:decompress:ZI:__TI_zero_init_nomemset)
                  00001036    00000014     buzzer.o (.text.DL_GPIO_clearPins)
                  0000104a    00000014     tb6612.o (.text.DL_GPIO_clearPins)
                  0000105e    00000014     ti_msp_dl_config.o (.text.DL_GPIO_clearPins)
                  00001072    00000002     --HOLE-- [fill = 0]
                  00001074    00000014     ti_msp_dl_config.o (.text.DL_SYSCTL_disableSYSPLL)
                  00001088    00000014     ti_msp_dl_config.o (.text.DL_Timer_enableClock)
                  0000109c    00000014     ti_msp_dl_config.o (.text.DL_Timer_setCCPDirection)
                  000010b0    00000014     tb6612.o (.text.TB6612_A_Stop)
                  000010c4    00000014     tb6612.o (.text.TB6612_B_Stop)
                  000010d8    00000012     pit_control_tick.o (.text.DL_Timer_getPendingInterrupt)
                  000010ea    00000012     pit_custom_tick.o (.text.DL_Timer_getPendingInterrupt)
                  000010fc    00000012     libc.a : memcpy16.S.obj (.text:TI_memcpy_small)
                  0000110e    00000012            : copy_decompress_none.c.obj (.text:decompress:none)
                  00001120    00000010     buzzer.o (.text.Buzzer_Init)
                  00001130    00000010     ti_msp_dl_config.o (.text.DL_SYSCTL_disableHFXT)
                  00001140    00000010     driverlib.a : dl_timer.o (.text.DL_Timer_setCaptureCompareValue)
                  00001150    00000010     tb6612.o (.text.TB6612_Init)
                  00001160    0000000c     motor.o (.text.Motor_Stop)
                  0000116c    0000000a     driverlib.a : dl_common.o (.text.DL_Common_delayCycles)
                  00001176    0000000a     pit_control_tick.o (.text.PIT_Control_Tick_Init)
                  00001180    0000000a     pit_custom_tick.o (.text.PIT_Custom_Tick_Init)
                  0000118a    00000008     motor.o (.text.Motor_Init)
                  00001192    00000002     --HOLE-- [fill = 0]
                  00001194    00000008     libclang_rt.builtins.a : aeabi_memcpy.S.obj (.text.__aeabi_memcpy)
                  0000119c    00000006     libc.a : exit.c.obj (.text:abort)
                  000011a2    00000004     startup_mspm0g350x_ticlang.o (.text.Default_Handler)
                  000011a6    00000004     libsysbm.a : hostexit.c.obj (.text.HOSTexit)
                  000011aa    00000004     startup_mspm0g350x_ticlang.o (.text.Reset_Handler)
                  000011ae    00000004     libc.a : pre_init.c.obj (.text._system_pre_init)
                  000011b2    00000006     --HOLE-- [fill = 0]

.cinit     0    00001220    00000030     
                  00001220    0000000c     (__TI_handler_table)
                  0000122c    00000008     (.cinit..bss.load) [load image, compression = zero_init]
                  00001234    00000007     (.cinit..data.load) [load image, compression = lzss]
                  0000123b    00000001     --HOLE-- [fill = 0]
                  0000123c    00000010     (__TI_cinit_table)
                  0000124c    00000004     --HOLE-- [fill = 0]

.rodata    0    000011b8    00000068     
                  000011b8    00000020     key.o (.rodata.key_config)
                  000011d8    00000014     ti_msp_dl_config.o (.rodata.gPIT_FOR_CONTROLTimerConfig)
                  000011ec    00000014     ti_msp_dl_config.o (.rodata.gPIT_FOR_CUSTOMTimerConfig)
                  00001200    00000008     ti_msp_dl_config.o (.rodata.gPWM_MOTORConfig)
                  00001208    00000008     ti_msp_dl_config.o (.rodata.gPWM_SERVOConfig)
                  00001210    00000003     ti_msp_dl_config.o (.rodata.gPIT_FOR_CONTROLClockConfig)
                  00001213    00000003     ti_msp_dl_config.o (.rodata.gPIT_FOR_CUSTOMClockConfig)
                  00001216    00000003     ti_msp_dl_config.o (.rodata.gPWM_MOTORClockConfig)
                  00001219    00000003     ti_msp_dl_config.o (.rodata.gPWM_SERVOClockConfig)
                  0000121c    00000004     --HOLE-- [fill = 0]

.init_array 
*          0    00000000    00000000     UNINITIALIZED

.binit     0    00000000    00000000     

.bss       0    20200000    000001d8     UNINITIALIZED
                  20200000    000000bc     (.common:gPWM_MOTORBackup)
                  202000bc    000000bc     (.common:gPWM_SERVOBackup)
                  20200178    00000020     pit_control_tick.o (.bss.s_tick_tasks)
                  20200198    00000020     pit_custom_tick.o (.bss.s_tick_tasks)
                  202001b8    00000020     (.common:keys)

.data      0    202001d8    00000008     UNINITIALIZED
                  202001d8    00000004     buzzer.o (.data.s_beep_time)
                  202001dc    00000001     buzzer.o (.data.s_is_active)
                  202001dd    00000001     pit_control_tick.o (.data.s_task_count)
                  202001de    00000001     pit_custom_tick.o (.data.s_task_count)
                  202001df    00000001     empty.o (.data.state)

.stack     0    20207e00    00000200     UNINITIALIZED
                  20207e00    00000004     libc.a : boot_cortex_m.c.obj (.stack)
                  20207e04    000001fc     --HOLE--

__llvm_prf_cnts 
*          0    20200000    00000000     UNINITIALIZED

__llvm_prf_bits 
*          0    20200000    00000000     UNINITIALIZED

MODULE SUMMARY

       Module                         code   ro data   rw data
       ------                         ----   -------   -------
    .\
       ti_msp_dl_config.o             1568   68        376    
       startup_mspm0g350x_ticlang.o   8      192       0      
       empty.o                        116    0         1      
       delay.o                        22     0         0      
    +--+------------------------------+------+---------+---------+
       Total:                         1714   260       377    
                                                              
    .\modules\
       key.o                          706    32        32     
       pit_control_tick.o             244    0         33     
       pit_custom_tick.o              244    0         33     
       buzzer.o                       160    0         5      
       servo.o                        158    0         0      
       tb6612.o                       100    0         0      
       motor.o                        20     0         0      
    +--+------------------------------+------+---------+---------+
       Total:                         1632   32        103    
                                                              
    D:/ti/ccs2050/mspm0_sdk_2_10_00_04/source/ti/driverlib/lib/ticlang/m0p/mspm0g1x0x_g3x0x/driverlib.a
       dl_timer.o                     608    0         0      
       dl_common.o                    10     0         0      
    +--+------------------------------+------+---------+---------+
       Total:                         618    0         0      
                                                              
    D:\ti\ccs2050\ccs\tools\compiler\ti-cgt-armllvm_4.0.4.LTS\lib\armv6m-ti-none-eabi/c/libc.a
       copy_decompress_lzss.c.obj     124    0         0      
       autoinit.c.obj                 60     0         0      
       boot_cortex_m.c.obj            40     0         0      
       copy_zero_init.c.obj           22     0         0      
       copy_decompress_none.c.obj     18     0         0      
       memcpy16.S.obj                 18     0         0      
       exit.c.obj                     6      0         0      
       pre_init.c.obj                 4      0         0      
    +--+------------------------------+------+---------+---------+
       Total:                         292    0         0      
                                                              
    D:\ti\ccs2050\ccs\tools\compiler\ti-cgt-armllvm_4.0.4.LTS\lib\armv6m-ti-none-eabi/c/libsysbm.a
       hostexit.c.obj                 4      0         0      
    +--+------------------------------+------+---------+---------+
       Total:                         4      0         0      
                                                              
    D:\ti\ccs2050\ccs\tools\compiler\ti-cgt-armllvm_4.0.4.LTS\lib\armv6m-ti-none-eabi/libclang_rt.builtins.a
       aeabi_uidivmod.S.obj           64     0         0      
       aeabi_memcpy.S.obj             8      0         0      
       aeabi_div0.c.obj               2      0         0      
    +--+------------------------------+------+---------+---------+
       Total:                         74     0         0      
                                                              
       Stack:                         0      0         512    
       Linker Generated:              0      43        0      
    +--+------------------------------+------+---------+---------+
       Grand Total:                   4334   335       992    


LINKER GENERATED COPY TABLES

__TI_cinit_table @ 0000123c records: 2, size/record: 8, table size: 16
	.bss: load addr=0000122c, load size=00000008 bytes, run addr=20200000, run size=000001d8 bytes, compression=zero_init
	.data: load addr=00001234, load size=00000007 bytes, run addr=202001d8, run size=00000008 bytes, compression=lzss


LINKER GENERATED HANDLER TABLE

__TI_handler_table @ 00001220 records: 3, size/record: 4, table size: 12
	index: 0, handler: __TI_decompress_lzss
	index: 1, handler: __TI_decompress_none
	index: 2, handler: __TI_zero_init


GLOBAL SYMBOLS: SORTED ALPHABETICALLY BY Name 

address   name                             
-------   ----                             
000011a3  ADC0_IRQHandler                  
000011a3  ADC1_IRQHandler                  
000011a3  AES_IRQHandler                   
00001121  Buzzer_Init                      
00000db1  Buzzer_Stop                      
000011a6  C$$EXIT                          
000011a3  CANFD0_IRQHandler                
000011a3  DAC0_IRQHandler                  
0000116d  DL_Common_delayCycles            
000001e1  DL_Timer_initFourCCPWMMode       
000002e5  DL_Timer_initTimerMode           
00000e85  DL_Timer_setCaptCompUpdateMethod 
00000fad  DL_Timer_setCaptureCompareOutCtl 
00001141  DL_Timer_setCaptureCompareValue  
00000ea1  DL_Timer_setClockConfig          
000011a3  DMA_IRQHandler                   
000011a3  Default_Handler                  
000011a3  GROUP0_IRQHandler                
000011a3  GROUP1_IRQHandler                
000011a7  HOSTexit                         
000011a3  HardFault_Handler                
000011a3  I2C0_IRQHandler                  
000011a3  I2C1_IRQHandler                  
00000865  Key_GetFlag                      
000006c9  Key_Init                         
000000c1  Key_Scan                         
0000118b  Motor_Init                       
00001161  Motor_Stop                       
000011a3  NMI_Handler                      
00001177  PIT_Control_Tick_Init            
000009b9  PIT_Control_Tick_RegisterCallback
00001181  PIT_Custom_Tick_Init             
00000a01  PIT_Custom_Tick_RegisterCallback 
000011a3  PendSV_Handler                   
000011a3  RTC_IRQHandler                   
000011ab  Reset_Handler                    
000011a3  SPI0_IRQHandler                  
000011a3  SPI1_IRQHandler                  
000011a3  SVC_Handler                      
000003e1  SYSCFG_DL_GPIO_init              
00000bf1  SYSCFG_DL_PIT_FOR_CONTROL_init   
00000c25  SYSCFG_DL_PIT_FOR_CUSTOM_init    
000004d1  SYSCFG_DL_PWM_MOTOR_init         
00000735  SYSCFG_DL_PWM_SERVO_init         
00000d0f  SYSCFG_DL_SYSCTL_init            
00000c59  SYSCFG_DL_init                   
0000055d  SYSCFG_DL_initPower              
00000dd5  Servo_Init                       
00000d89  Servo_LimitAngle                 
00000b45  Servo_SetAngle                   
000011a3  SysTick_Handler                  
000010b1  TB6612_A_Stop                    
000010c5  TB6612_B_Stop                    
00001151  TB6612_Init                      
000011a3  TIMA0_IRQHandler                 
000011a3  TIMA1_IRQHandler                 
0000079d  TIMG0_IRQHandler                 
00000801  TIMG12_IRQHandler                
000011a3  TIMG6_IRQHandler                 
000011a3  TIMG7_IRQHandler                 
000011a3  TIMG8_IRQHandler                 
000010fd  TI_memcpy_small                  
000011a3  UART0_IRQHandler                 
000011a3  UART1_IRQHandler                 
000011a3  UART2_IRQHandler                 
000011a3  UART3_IRQHandler                 
20208000  __STACK_END                      
00000200  __STACK_SIZE                     
00000000  __TI_ATRegion0_region_sz         
00000000  __TI_ATRegion0_src_addr          
00000000  __TI_ATRegion0_trg_addr          
00000000  __TI_ATRegion1_region_sz         
00000000  __TI_ATRegion1_src_addr          
00000000  __TI_ATRegion1_trg_addr          
00000000  __TI_ATRegion2_region_sz         
00000000  __TI_ATRegion2_src_addr          
00000000  __TI_ATRegion2_trg_addr          
0000123c  __TI_CINIT_Base                  
0000124c  __TI_CINIT_Limit                 
0000124c  __TI_CINIT_Warm                  
00001220  __TI_Handler_Table_Base          
0000122c  __TI_Handler_Table_Limit         
00000b81  __TI_auto_init_nobinit_nopinit   
000005d9  __TI_decompress_lzss             
0000110f  __TI_decompress_none             
ffffffff  __TI_pprof_out_hndl              
ffffffff  __TI_prof_data_size              
ffffffff  __TI_prof_data_start             
00000000  __TI_static_base__               
00001021  __TI_zero_init_nomemset          
00000daf  __aeabi_idiv0                    
00001195  __aeabi_memcpy                   
00001195  __aeabi_memcpy4                  
00001195  __aeabi_memcpy8                  
00000ac9  __aeabi_uidiv                    
00000ac9  __aeabi_uidivmod                 
ffffffff  __binit__                        
UNDEFED   __mpu_init                       
20207e00  __stack                          
20200000  __start___llvm_prf_bits          
20200000  __start___llvm_prf_cnts          
20200000  __stop___llvm_prf_bits           
20200000  __stop___llvm_prf_cnts           
00000d61  _c_int00_noargs                  
UNDEFED   _system_post_cinit               
000011af  _system_pre_init                 
0000119d  abort                            
ffffffff  binit                            
0000100b  delay_ms                         
20200000  gPWM_MOTORBackup                 
202000bc  gPWM_SERVOBackup                 
00000000  interruptVectors                 
202001b8  keys                             
00000655  main                             
202001df  state                            


GLOBAL SYMBOLS: SORTED BY Symbol Address 

address   name                             
-------   ----                             
00000000  __TI_ATRegion0_region_sz         
00000000  __TI_ATRegion0_src_addr          
00000000  __TI_ATRegion0_trg_addr          
00000000  __TI_ATRegion1_region_sz         
00000000  __TI_ATRegion1_src_addr          
00000000  __TI_ATRegion1_trg_addr          
00000000  __TI_ATRegion2_region_sz         
00000000  __TI_ATRegion2_src_addr          
00000000  __TI_ATRegion2_trg_addr          
00000000  __TI_static_base__               
00000000  interruptVectors                 
000000c1  Key_Scan                         
000001e1  DL_Timer_initFourCCPWMMode       
00000200  __STACK_SIZE                     
000002e5  DL_Timer_initTimerMode           
000003e1  SYSCFG_DL_GPIO_init              
000004d1  SYSCFG_DL_PWM_MOTOR_init         
0000055d  SYSCFG_DL_initPower              
000005d9  __TI_decompress_lzss             
00000655  main                             
000006c9  Key_Init                         
00000735  SYSCFG_DL_PWM_SERVO_init         
0000079d  TIMG0_IRQHandler                 
00000801  TIMG12_IRQHandler                
00000865  Key_GetFlag                      
000009b9  PIT_Control_Tick_RegisterCallback
00000a01  PIT_Custom_Tick_RegisterCallback 
00000ac9  __aeabi_uidiv                    
00000ac9  __aeabi_uidivmod                 
00000b45  Servo_SetAngle                   
00000b81  __TI_auto_init_nobinit_nopinit   
00000bf1  SYSCFG_DL_PIT_FOR_CONTROL_init   
00000c25  SYSCFG_DL_PIT_FOR_CUSTOM_init    
00000c59  SYSCFG_DL_init                   
00000d0f  SYSCFG_DL_SYSCTL_init            
00000d61  _c_int00_noargs                  
00000d89  Servo_LimitAngle                 
00000daf  __aeabi_idiv0                    
00000db1  Buzzer_Stop                      
00000dd5  Servo_Init                       
00000e85  DL_Timer_setCaptCompUpdateMethod 
00000ea1  DL_Timer_setClockConfig          
00000fad  DL_Timer_setCaptureCompareOutCtl 
0000100b  delay_ms                         
00001021  __TI_zero_init_nomemset          
000010b1  TB6612_A_Stop                    
000010c5  TB6612_B_Stop                    
000010fd  TI_memcpy_small                  
0000110f  __TI_decompress_none             
00001121  Buzzer_Init                      
00001141  DL_Timer_setCaptureCompareValue  
00001151  TB6612_Init                      
00001161  Motor_Stop                       
0000116d  DL_Common_delayCycles            
00001177  PIT_Control_Tick_Init            
00001181  PIT_Custom_Tick_Init             
0000118b  Motor_Init                       
00001195  __aeabi_memcpy                   
00001195  __aeabi_memcpy4                  
00001195  __aeabi_memcpy8                  
0000119d  abort                            
000011a3  ADC0_IRQHandler                  
000011a3  ADC1_IRQHandler                  
000011a3  AES_IRQHandler                   
000011a3  CANFD0_IRQHandler                
000011a3  DAC0_IRQHandler                  
000011a3  DMA_IRQHandler                   
000011a3  Default_Handler                  
000011a3  GROUP0_IRQHandler                
000011a3  GROUP1_IRQHandler                
000011a3  HardFault_Handler                
000011a3  I2C0_IRQHandler                  
000011a3  I2C1_IRQHandler                  
000011a3  NMI_Handler                      
000011a3  PendSV_Handler                   
000011a3  RTC_IRQHandler                   
000011a3  SPI0_IRQHandler                  
000011a3  SPI1_IRQHandler                  
000011a3  SVC_Handler                      
000011a3  SysTick_Handler                  
000011a3  TIMA0_IRQHandler                 
000011a3  TIMA1_IRQHandler                 
000011a3  TIMG6_IRQHandler                 
000011a3  TIMG7_IRQHandler                 
000011a3  TIMG8_IRQHandler                 
000011a3  UART0_IRQHandler                 
000011a3  UART1_IRQHandler                 
000011a3  UART2_IRQHandler                 
000011a3  UART3_IRQHandler                 
000011a6  C$$EXIT                          
000011a7  HOSTexit                         
000011ab  Reset_Handler                    
000011af  _system_pre_init                 
00001220  __TI_Handler_Table_Base          
0000122c  __TI_Handler_Table_Limit         
0000123c  __TI_CINIT_Base                  
0000124c  __TI_CINIT_Limit                 
0000124c  __TI_CINIT_Warm                  
20200000  __start___llvm_prf_bits          
20200000  __start___llvm_prf_cnts          
20200000  __stop___llvm_prf_bits           
20200000  __stop___llvm_prf_cnts           
20200000  gPWM_MOTORBackup                 
202000bc  gPWM_SERVOBackup                 
202001b8  keys                             
202001df  state                            
20207e00  __stack                          
20208000  __STACK_END                      
ffffffff  __TI_pprof_out_hndl              
ffffffff  __TI_prof_data_size              
ffffffff  __TI_prof_data_start             
ffffffff  __binit__                        
ffffffff  binit                            
UNDEFED   __mpu_init                       
UNDEFED   _system_post_cinit               

[115 symbols]
